// Jest Snapshot v1, https://goo.gl/fbAQLP

exports[`getConsentState gets the consent state correctly 1`] = `
{
  "5e37fc3e56a5e60dff4e1981": true,
  "5e37fc3e56a5e60dff4e1982": true,
  "5e37fc3e56a5e60dff4e1983": true,
  "5e37fc3e56a5e60dff4e1984": true,
  "5e37fc3e56a5e60dff4e1985": true,
  "5e37fc3e56a5e60dff4e1986": true,
  "5e37fc3e56a5e60dff4e1987": true,
  "5e37fc3e56a5e60dff4e1988": true,
  "5e37fc3e56a5e60dff4e1989": true,
  "5e37fc3e56a5e60dff4e198a": true,
  "5e37fc3e56a5e60dff4e198b": true,
  "5e37fc3e56a5e60dff4e198c": true,
  "5e37fc3e56a5e60dff4e198e": true,
  "5e37fc3e56a5e60dff4e198f": true,
  "5e37fc3e56a5e60dff4e1992": true,
  "5e37fc3e56a5e60dff4e1993": true,
  "5e37fc3e56a5e60dff4e1994": true,
  "5e37fc3e56a5e60dff4e1996": true,
  "5e37fc3e56a5e60e003a7111": true,
  "5e37fc3e56a5e60e003a7112": true,
  "5e37fc3e56a5e60e003a7113": true,
  "5e37fc3e56a5e60e003a7114": true,
  "5e37fc3e56a5e60e003a7115": true,
  "5e37fc3e56a5e60e003a7116": true,
  "5e37fc3e56a5e60e003a7117": true,
  "5e37fc3e56a5e60e003a7118": true,
  "5e37fc3e56a5e60e003a7119": true,
  "5e37fc3e56a5e60e003a711a": true,
  "5e37fc3e56a5e60e003a711b": true,
  "5e37fc3e56a5e60e003a711c": true,
  "5e37fc3e56a5e60e003a711d": true,
  "5e37fc3e56a5e60e003a711e": true,
  "5e37fc3e56a5e60e003a711f": true,
  "5e37fc3e56a5e60e003a7120": true,
  "5e37fc3e56a5e60e003a7122": true,
  "5e37fc3e56a5e60e003a7123": true,
  "5e37fc3e56a5e60e003a7124": true,
  "5e37fc3e56a5e60e003a7125": true,
  "5e37fc3e56a5e66147767221": true,
  "5e37fc3e56a5e66147767223": true,
  "5e37fc3e56a5e66147767224": true,
  "5e37fc3e56a5e66147767225": true,
  "5e37fc3e56a5e66147767226": true,
  "5e37fc3e56a5e66147767227": true,
  "5e37fc3e56a5e66147767228": true,
  "5e37fc3e56a5e6614776722a": true,
  "5e37fc3e56a5e6614776722b": true,
  "5e37fc3e56a5e6614776722c": true,
  "5e37fc3e56a5e6614776722d": true,
  "5e37fc3e56a5e6614776722e": true,
  "5e37fc3e56a5e66147767231": true,
  "5e37fc3e56a5e66147767232": true,
  "5e37fc3e56a5e66147767233": true,
  "5e37fc3e56a5e66147767234": true,
  "5e37fc3e56a5e66147767235": true,
  "5e37fc3e56a5e66147767236": true,
  "5e37fc3e56a5e66147767237": true,
  "5e37fc3e56a5e66147767238": true,
  "5e37fc3e56a5e6615457a521": true,
  "5e37fc3e56a5e6615457a522": true,
  "5e37fc3e56a5e6615457a523": true,
  "5e37fc3e56a5e6615457a524": true,
  "5e37fc3e56a5e6615457a525": true,
  "5e37fc3e56a5e6615457a526": true,
  "5e37fc3e56a5e6615457a527": true,
  "5e37fc3e56a5e6615457a528": true,
  "5e37fc3e56a5e6615457a529": true,
  "5e37fc3e56a5e6615457a52a": true,
  "5e37fc3e56a5e6615457a52b": true,
  "5e37fc3e56a5e6615457a52c": true,
  "5e37fc3e56a5e6615457a52d": true,
  "5e37fc3e56a5e6615457a52f": true,
  "5e37fc3e56a5e6615457a530": true,
  "5e37fc3e56a5e6615457a531": true,
  "5e37fc3e56a5e6615457a532": true,
  "5e37fc3e56a5e6615457a533": true,
  "5e37fc3e56a5e6615502f9c2": true,
  "5e37fc3e56a5e6615502f9c3": true,
  "5e37fc3e56a5e6615502f9c4": true,
  "5e37fc3e56a5e6615502f9c5": true,
  "5e37fc3e56a5e6615502f9c7": true,
  "5e37fc3e56a5e6615502f9c8": true,
  "5e37fc3e56a5e6615502f9c9": true,
  "5e37fc3e56a5e6615502f9ca": true,
  "5e37fc3e56a5e6615502f9cb": true,
  "5e37fc3e56a5e6615502f9cc": true,
  "5e37fc3e56a5e6615502f9cd": true,
  "5e37fc3e56a5e6615502f9cf": true,
  "5e37fc3e56a5e6615502f9d0": true,
  "5e37fc3e56a5e6615502f9d1": true,
  "5e37fc3e56a5e6615502f9d2": true,
  "5e37fc3e56a5e6615502f9d4": true,
  "5e37fc3e56a5e6615502f9d5": true,
  "5e37fc3e56a5e6615502f9d6": true,
  "5e71760b69966540e4554f01": true,
  "5e7ac3fae30e7d1bc1ebf5e8": true,
  "5e7ced56b8e05c4854221bb3": true,
  "5e7ced57b8e05c47d7081588": true,
  "5e7ced57b8e05c47d7081589": true,
  "5e7ced57b8e05c47d708158a": true,
  "5e7ced57b8e05c47d708158b": true,
  "5e7ced57b8e05c47d708158c": true,
  "5e7ced57b8e05c47d708158d": true,
  "5e7ced57b8e05c47d708158e": true,
  "5e7ced57b8e05c47d7081590": true,
  "5e7ced57b8e05c47d7081591": true,
  "5e7ced57b8e05c47d7081592": true,
  "5e7ced57b8e05c47e418b737": true,
  "5e7ced57b8e05c47e418b738": true,
  "5e7ced57b8e05c47e418b73a": true,
  "5e7ced57b8e05c47e418b73b": true,
  "5e7ced57b8e05c47e418b73c": true,
  "5e7ced57b8e05c47e418b73d": true,
  "5e7ced57b8e05c47e418b73e": true,
  "5e7ced57b8e05c47e418b73f": true,
  "5e7ced57b8e05c47e418b740": true,
  "5e7ced57b8e05c47e418b741": true,
  "5e7ced57b8e05c47e418b742": true,
  "5e7ced57b8e05c47e418b743": true,
  "5e7ced57b8e05c47e418b745": true,
  "5e7ced57b8e05c47e418b746": true,
  "5e7ced57b8e05c47e418b747": true,
  "5e7ced57b8e05c47e418b748": true,
  "5e7ced57b8e05c47e418b749": true,
  "5e7ced57b8e05c47e418b74b": true,
  "5e7ced57b8e05c47e418b74c": true,
  "5e7ced57b8e05c47e418b74d": true,
  "5e7ced57b8e05c47e418b74e": true,
  "5e7ced57b8e05c47e418b74f": true,
  "5e7ced57b8e05c47e418b750": true,
  "5e7ced57b8e05c485246ccd7": true,
  "5e7ced57b8e05c485246ccd8": true,
  "5e7ced57b8e05c485246ccdb": true,
  "5e7ced57b8e05c485246ccdc": true,
  "5e7ced57b8e05c485246ccdd": true,
  "5e7ced57b8e05c485246ccde": true,
  "5e7ced57b8e05c485246ccdf": true,
  "5e7ced57b8e05c485246cce0": true,
  "5e7ced57b8e05c485246cce2": true,
  "5e7ced57b8e05c485246cce3": true,
  "5e7ced57b8e05c485246cce6": true,
  "5e7ced57b8e05c485246cce7": true,
  "5e7ced57b8e05c485246cce8": true,
  "5e7ced57b8e05c485246cce9": true,
  "5e7ced57b8e05c485246ccea": true,
  "5e7ced57b8e05c485246cceb": true,
  "5e7ced57b8e05c485246ccec": true,
  "5e7ced57b8e05c485246cced": true,
  "5e7ced57b8e05c485246ccee": true,
  "5e7ced57b8e05c485246ccef": true,
  "5e7ced57b8e05c485246ccf0": true,
  "5e7ced57b8e05c485246ccf2": true,
  "5e7ced57b8e05c485246ccf3": true,
  "5e7ced57b8e05c485246ccf4": true,
  "5e7ced57b8e05c4854221bb4": true,
  "5e7ced57b8e05c4854221bb5": true,
  "5e7ced57b8e05c4854221bb6": true,
  "5e7ced57b8e05c4854221bb7": true,
  "5e7ced57b8e05c4854221bb8": true,
  "5e7ced57b8e05c4854221bb9": true,
  "5e7ced57b8e05c4854221bba": true,
  "5e7ced57b8e05c4854221bbb": true,
  "5e7ced57b8e05c4854221bbc": true,
  "5e7ced57b8e05c4854221bbd": true,
  "5e7ced57b8e05c4854221bbf": true,
  "5e7ced57b8e05c4854221bc0": true,
  "5e7ced57b8e05c4854221bc1": true,
  "5e7ced57b8e05c4854221bc3": true,
  "5e7ced57b8e05c4854221bc4": true,
  "5e7ced57b8e05c4854221bc5": true,
  "5e7ced57b8e05c4854221bc6": true,
  "5e7ced57b8e05c4854221bc7": true,
  "5e7ced57b8e05c4854221bc8": true,
  "5e7ced57b8e05c4854221bca": true,
  "5e7ced57b8e05c4854221bcb": true,
  "5e7ced57b8e05c4854221bcc": true,
  "5e7ced57b8e05c4854221bd0": true,
  "5e7ced57b8e05c4854221bd1": true,
  "5e7ced57b8e05c4854221bd2": true,
  "5e7ced57b8e05c4854221bd3": true,
  "5e7ced57b8e05c4854221bd4": true,
  "5e7ced57b8e05c4854221bd5": true,
  "5e7ced57b8e05c4854221bd6": true,
  "5e7ced57b8e05c4854221bd7": true,
  "5e7ced57b8e05c4854221bd8": true,
  "5e7ced57b8e05c5a7d171cd3": true,
  "5e7ced57b8e05c5a7d171cd6": true,
  "5e7ced57b8e05c5a7d171cd7": true,
  "5e7ced57b8e05c5a7d171cd8": true,
  "5e7ced57b8e05c5a7d171cd9": true,
  "5e7ced57b8e05c5a7d171cda": true,
  "5e7ced57b8e05c5a7d171cdb": true,
  "5e7ced57b8e05c5a7d171cdc": true,
  "5e7ced57b8e05c5a7d171cde": true,
  "5e7e1298b8e05c54a85c52d2": true,
  "5e865b36b8e05c48537f60a7": true,
  "5e865b36b8e05c48537f60a8": true,
  "5e865b36b8e05c48537f60a9": true,
  "5e865b36b8e05c48537f60aa": true,
  "5e865b36b8e05c6f984a37e6": true,
  "5e865b36b8e05c6f984a37e7": true,
  "5e865b37b8e05c1c467daa8c": true,
  "5e865b37b8e05c1c467daa8d": true,
  "5e865b37b8e05c1c467daa8e": true,
  "5e865b37b8e05c1c467daa8f": true,
  "5e865b37b8e05c1c467daa90": true,
  "5e865b37b8e05c1c467daa91": true,
  "5e865b37b8e05c1c467daa92": true,
  "5e865b37b8e05c1c467daa93": true,
  "5e865b37b8e05c48537f60ab": true,
  "5e865b37b8e05c48537f60ac": true,
  "5e865b37b8e05c48537f60ae": true,
  "5e865b37b8e05c48537f60af": true,
  "5e865b37b8e05c48537f60b1": true,
  "5e865b37b8e05c4e491e73a3": true,
  "5e865b37b8e05c4e491e73a4": true,
  "5e865b37b8e05c4e491e73a5": true,
  "5e865b37b8e05c4e491e73a6": true,
  "5e865b37b8e05c6f984a37e8": true,
  "5e865b37b8e05c6f984a37e9": true,
  "5e865b37b8e05c6f984a37ea": true,
  "5e865b37b8e05c6f984a37eb": true,
  "5e865b37b8e05c6f984a37ec": true,
  "5e865b37b8e05c6f984a37ed": true,
  "5e865b37b8e05c6f984a37ee": true,
  "5e952f6107d9d20c88e7c975": true,
  "5e98e7f0b8e05c1c467daaf0": true,
  "5e98e7f0b8e05c1c467daaf1": true,
  "5e98e7f0b8e05c1c467daaf2": true,
  "5e98e7f0b8e05c241a63c54e": true,
  "5e98e7f0b8e05c48537f6111": true,
  "5e98e7f1b8e05c111d01b462": true,
  "5e98e7f1b8e05c1c467daaf3": true,
  "5e98e7f1b8e05c1c467daaf4": true,
  "5e98e7f1b8e05c241a63c54f": true,
  "5e98e7f1b8e05c241a63c550": true,
  "5e98e7f1b8e05c241a63c551": true,
  "5e98e7f1b8e05c241a63c552": true,
  "5e98e7f1b8e05c241a63c553": true,
  "5e98e7f1b8e05c48537f6112": true,
  "5e98e7f1b8e05c48537f6113": true,
  "5e98e7f1b8e05c48537f6114": true,
  "5e98e7f1b8e05c48537f6115": true,
  "5e98e7f1b8e05c6f984a3839": true,
  "5e98e7f1b8e05c6f984a383a": true,
  "5eab3d5ab8e05c1c467dab79": true,
  "5eab3d5ab8e05c1c467dab7a": true,
  "5eab3d5ab8e05c1c467dab7b": true,
  "5eab3d5ab8e05c1c467dab7c": true,
  "5eab3d5ab8e05c241a63c5db": true,
  "5eab3d5ab8e05c2bbe33f398": true,
  "5eab3d5ab8e05c2bbe33f399": true,
  "5eab3d5ab8e05c2bbe33f39a": true,
  "5eab3d5bb8e05c241a63c5de": true,
  "5eab3d5bb8e05c241a63c5df": true,
  "5eab3d5bb8e05c2bbe33f39b": true,
  "5eab3d5bb8e05c2bbe33f39c": true,
  "5eab3d5bb8e05c2bbe33f39d": true,
  "5eab3d5bb8e05c48537f61a0": true,
  "5eab3d5bb8e05c48537f61a1": true,
  "5eab3d5bb8e05c6f984a38a4": true,
  "5eb559cfb8e05c111d01b4e3": true,
  "5eb559cfb8e05c111d01b4e4": true,
  "5eb559cfb8e05c2bbe33f3f3": true,
  "5eb559cfb8e05c2bbe33f3f4": true,
  "5eb559cfb8e05c2bbe33f3f5": true,
  "5eb559cfb8e05c6f984a390a": true,
  "5eb559d0b8e05c111d01b4e6": true,
  "5eb559d0b8e05c111d01b4e7": true,
  "5eb559d0b8e05c1c467dabe9": true,
  "5eb559d0b8e05c1c467dabea": true,
  "5eb559d0b8e05c241a63c64a": true,
  "5eb559d0b8e05c241a63c64b": true,
  "5eb559d0b8e05c2bbe33f3f6": true,
  "5eb559d0b8e05c2bbe33f3f7": true,
  "5eb559d0b8e05c48537f6207": true,
  "5eb559d0b8e05c48537f6208": true,
  "5eb559d0b8e05c48537f6209": true,
  "5eb559d0b8e05c48537f620a": true,
  "5eb559d0b8e05c6f984a390b": true,
  "5eb559d0b8e05c6f984a390c": true,
  "5ebee9f5b8e05c2bbe33f490": true,
  "5ebee9f5b8e05c2bbe33f491": true,
  "5ebee9f5b8e05c43d547d7cf": true,
  "5ebee9f5b8e05c43d547d7d0": true,
  "5ebee9f5b8e05c43d547d7d1": true,
  "5ebee9f5b8e05c43d547d7d2": true,
  "5ebee9f5b8e05c53915bbb9c": true,
  "5ebee9f5b8e05c53915bbb9d": true,
  "5ebee9f5b8e05c6bd60edbeb": true,
  "5ed0eb688a76503f1016578f": true,
  "5ed6aeb1b8e05c241a63c71e": true,
  "5ed6aeb1b8e05c241a63c71f": true,
  "5ed6aeb1b8e05c4a1e720f3b": true,
  "5ed6aeb2b8e05c241a63c720": true,
  "5ed6aeb2b8e05c241a63c721": true,
  "5ed6aeb2b8e05c2bbe33f4fa": true,
  "5ed6aeb2b8e05c4a06748dc9": true,
  "5ed6aeb2b8e05c4a06748dca": true,
  "5ed6aeb2b8e05c4a06748dcb": true,
  "5ed6aeb2b8e05c4a06748dcc": true,
  "5ed6aeb2b8e05c4a1160fe91": true,
  "5ed6aeb2b8e05c4a1160fe92": true,
  "5ed6aeb2b8e05c4a1160fe93": true,
  "5ed6aeb2b8e05c4a1e720f3d": true,
  "5ed6aeb2b8e05c4a1e720f3f": true,
  "5ed6aeb2b8e05c4a2002f43b": true,
  "5ed8c49c4b8ce4571c7ad801": true,
  "5ede3c3d877afa59e3baa1a4": true,
  "5edf9a821dc4e95986b66df4": true,
  "5ee15bc6b8e05c164c398ae3": true,
  "5ee15bc6b8e05c164d21c76b": true,
  "5ee15bc6b8e05c164d21c76c": true,
  "5ee15bc7b8e05c16353f5b9b": true,
  "5ee15bc7b8e05c16366599cb": true,
  "5ee15bc7b8e05c16366599cc": true,
  "5ee15bc7b8e05c16366599cd": true,
  "5ee15bc7b8e05c164c398ae4": true,
  "5ee15bc7b8e05c164f6f8fee": true,
  "5ee15bc7b8e05c164f6f8fef": true,
  "5ee15bc7b8e05c164f6f8ff0": true,
  "5ee34ea4b8e05c16353f5bb7": true,
  "5ee34ea4b8e05c16366599e8": true,
  "5ee34ea4b8e05c164d21c78a": true,
  "5ee34ea5b8e05c16353f5bb8": true,
  "5ee34ea5b8e05c16366599e9": true,
  "5ee34ea5b8e05c164d21c78b": true,
  "5ee34ea5b8e05c164d21c78c": true,
  "5ee34ea5b8e05c164e3b2060": true,
  "5ee34ea5b8e05c164e3b2061": true,
  "5ee34ea5b8e05c164f6f8ffe": true,
  "5eec8924b8e05c69921d98cf": true,
  "5eec8924b8e05c699567f398": true,
  "5eec8924b8e05c69980ea9d2": true,
  "5eec8924b8e05c69980ea9d3": true,
  "5eec8925b8e05c699f3a0af4": true,
  "5eec8925b8e05c699f3a0af5": true,
  "5ef5c3a4b8e05c69980eaa58": true,
  "5ef5c3a4b8e05c69980eaa59": true,
  "5ef5c3a4b8e05c699f3a0b81": true,
  "5ef5c3a5b8e05c699567f426": true,
  "5ef5c3a5b8e05c69980eaa5a": true,
  "5ef5c3a5b8e05c69980eaa5b": true,
  "5ef5c3a5b8e05c699a65ccc4": true,
  "5ef5c3a5b8e05c699f3a0b84": true,
  "5ef5c3a5b8e05c699f3a0b85": true,
  "5efefe24b8e05c109b4949c8": true,
  "5efefe24b8e05c2e742a3a16": true,
  "5efefe25b8e05c0652669937": true,
  "5efefe25b8e05c0652669938": true,
  "5efefe25b8e05c06542b2a77": true,
  "5efefe25b8e05c06542b2a79": true,
  "5efefe25b8e05c109b4949c9": true,
  "5efefe25b8e05c109b4949ca": true,
  "5efefe25b8e05c109c2b8324": true,
  "5efefe25b8e05c109c2b8325": true,
  "5efefe25b8e05c2e742a3a17": true,
  "5efefe25b8e05c2e742a3a18": true,
  "5eff0d77969bfa03746427eb": true,
  "5f0838a5b8e05c065164a384": true,
  "5f0838a5b8e05c065164a385": true,
  "5f0838a5b8e05c06537897af": true,
  "5f0838a5b8e05c06537897b0": true,
  "5f0838a5b8e05c06537897b1": true,
  "5f0838a5b8e05c06542b2b37": true,
  "5f0838a5b8e05c06542b2b38": true,
  "5f0838a5b8e05c109c2b8404": true,
  "5f0838a5b8e05c109c2b8405": true,
  "5f0838a5b8e05c2e742a3aa7": true,
  "5f0f39014effda6e8bbd2006": true,
  "5f117325b8e05c065164a42c": true,
  "5f117325b8e05c0653789861": true,
  "5f117326b8e05c065164a42d": true,
  "5f117326b8e05c065164a42e": true,
  "5f117326b8e05c065164a42f": true,
  "5f117326b8e05c0652669a8a": true,
  "5f117326b8e05c109c2b84d1": true,
  "5f117326b8e05c4ca16c9c78": true,
  "5f117326b8e05c4ca16c9c79": true,
  "5f199c302425a33f3f090f51": true,
  "5f1aada4b8e05c306c0597d5": true,
  "5f1aada4b8e05c306e139f00": true,
  "5f1aada5b8e05c3057240f2c": true,
  "5f1aada5b8e05c306c0597d6": true,
  "5f1aada5b8e05c306d724975": true,
  "5f1aada5b8e05c306e139f01": true,
  "5f1aada6b8e05c30686fd6e1": true,
  "5f1aada6b8e05c30686fd6e2": true,
  "5f1aada6b8e05c306c0597d7": true,
  "5f1aada6b8e05c306c0597d8": true,
  "5f1aada6b8e05c306d724976": true,
  "5f1aada6b8e05c306d724977": true,
  "5f1aada6b8e05c306e139f02": true,
  "5f1b2fbdb8e05c3057240f55": true,
  "5f1b2fbdb8e05c3057240f56": true,
  "5f1b2fbdb8e05c3057240f59": true,
  "5f1b2fbdb8e05c3057240f5a": true,
  "5f1b2fbdb8e05c306643bace": true,
  "5f1b2fbdb8e05c306643bad1": true,
  "5f1b2fbdb8e05c30686fd6f3": true,
  "5f1b2fbdb8e05c306d724992": true,
  "5f1b2fbdb8e05c306d724995": true,
  "5f1b2fbdb8e05c306d724996": true,
  "5f1b2fbdb8e05c306e139f24": true,
  "5f1b2fbdb8e05c306e139f25": true,
  "5f1b2fbdb8e05c306e139f26": true,
  "5f1b2fbdb8e05c306f2a1eab": true,
  "5f1b2fbdb8e05c306f2a1eac": true,
  "5f1b2fbeb8e05c3057240f5e": true,
  "5f1b2fbeb8e05c3057240f5f": true,
  "5f1b2fbeb8e05c3057240f67": true,
  "5f1b2fbeb8e05c3057240f68": true,
  "5f1b2fbeb8e05c3057240f6a": true,
  "5f1b2fbeb8e05c3057240f6b": true,
  "5f1b2fbeb8e05c3057240f74": true,
  "5f1b2fbeb8e05c3057240f78": true,
  "5f1b2fbeb8e05c3057240f7b": true,
  "5f1b2fbeb8e05c3057240f7f": true,
  "5f1b2fbeb8e05c3057240f82": true,
  "5f1b2fbeb8e05c3057240f86": true,
  "5f1b2fbeb8e05c3057240f8a": true,
  "5f1b2fbeb8e05c3057240f91": true,
  "5f1b2fbeb8e05c3057240f9c": true,
  "5f1b2fbeb8e05c3057240fc1": true,
  "5f1b2fbeb8e05c306643bad7": true,
  "5f1b2fbeb8e05c306643bada": true,
  "5f1b2fbeb8e05c306643badb": true,
  "5f1b2fbeb8e05c306643badc": true,
  "5f1b2fbeb8e05c306643bae4": true,
  "5f1b2fbeb8e05c306643baf4": true,
  "5f1b2fbeb8e05c30686fd6f6": true,
  "5f1b2fbeb8e05c30686fd6fe": true,
  "5f1b2fbeb8e05c30686fd708": true,
  "5f1b2fbeb8e05c30686fd70a": true,
  "5f1b2fbeb8e05c30686fd70b": true,
  "5f1b2fbeb8e05c30686fd710": true,
  "5f1b2fbeb8e05c30686fd712": true,
  "5f1b2fbeb8e05c30686fd716": true,
  "5f1b2fbeb8e05c30686fd717": true,
  "5f1b2fbeb8e05c30686fd718": true,
  "5f1b2fbeb8e05c30686fd71c": true,
  "5f1b2fbeb8e05c30686fd723": true,
  "5f1b2fbeb8e05c30686fd728": true,
  "5f1b2fbeb8e05c30686fd729": true,
  "5f1b2fbeb8e05c30686fd731": true,
  "5f1b2fbeb8e05c30686fd737": true,
  "5f1b2fbeb8e05c30686fd74c": true,
  "5f1b2fbeb8e05c30686fd750": true,
  "5f1b2fbeb8e05c30686fd76c": true,
  "5f1b2fbeb8e05c306c05980b": true,
  "5f1b2fbeb8e05c306c059822": true,
  "5f1b2fbeb8e05c306c059831": true,
  "5f1b2fbeb8e05c306d724998": true,
  "5f1b2fbeb8e05c306d72499c": true,
  "5f1b2fbeb8e05c306d72499f": true,
  "5f1b2fbeb8e05c306d7249a5": true,
  "5f1b2fbeb8e05c306d7249a6": true,
  "5f1b2fbeb8e05c306d7249ad": true,
  "5f1b2fbeb8e05c306d7249be": true,
  "5f1b2fbeb8e05c306d7249c5": true,
  "5f1b2fbeb8e05c306d7249e0": true,
  "5f1b2fbeb8e05c306d7249eb": true,
  "5f1b2fbeb8e05c306d724a02": true,
  "5f1b2fbeb8e05c306e139f28": true,
  "5f1b2fbeb8e05c306e139f2a": true,
  "5f1b2fbeb8e05c306e139f2f": true,
  "5f1b2fbeb8e05c306e139f30": true,
  "5f1b2fbeb8e05c306e139f31": true,
  "5f1b2fbeb8e05c306e139f32": true,
  "5f1b2fbeb8e05c306e139f33": true,
  "5f1b2fbeb8e05c306e139f3f": true,
  "5f1b2fbeb8e05c306e139f42": true,
  "5f1b2fbeb8e05c306e139f45": true,
  "5f1b2fbeb8e05c306e139f46": true,
  "5f1b2fbeb8e05c306e139f49": true,
  "5f1b2fbeb8e05c306e139f58": true,
  "5f1b2fbeb8e05c306e139f59": true,
  "5f1b2fbeb8e05c306e139f5e": true,
  "5f1b2fbeb8e05c306e139f60": true,
  "5f1b2fbeb8e05c306e139f71": true,
  "5f1b2fbeb8e05c306f2a1ebe": true,
  "5f1b2fbeb8e05c306f2a1ec1": true,
  "5f1b2fbeb8e05c306f2a1ec2": true,
  "5f1b2fbeb8e05c306f2a1ed5": true,
  "5f1b2fbeb8e05c306f2a1edc": true,
  "5f1b2fbeb8e05c306f2a1ee3": true,
  "5f1b2fbeb8e05c306f2a1eeb": true,
  "5f1b2fbeb8e05c306f2a1ef5": true,
  "5f1b2fbeb8e05c306f2a1ef6": true,
  "5f1b2fbeb8e05c306f2a1ef8": true,
  "5f1b2fbeb8e05c306f2a1ef9": true,
  "5f203dbeeaaaa8768fd3226a": true,
  "5f203dcb1f0dea790562e20f": true,
  "5f22bfd82a6b6c1afd1181a9": true,
  "5f23e824b8e05c2f262fe350": true,
  "5f23e824b8e05c2f285becd5": true,
  "5f23e824b8e05c2f291f82e9": true,
  "5f23e825b8e05c0ed30ea6ac": true,
  "5f23e825b8e05c0ed30ea6ad": true,
  "5f23e825b8e05c0ed30ea6ae": true,
  "5f23e825b8e05c2f262fe351": true,
  "5f23e825b8e05c2f291f82ea": true,
  "5f23e825b8e05c2f291f82eb": true,
  "5f23e826b8e05c0c0d4fdb8c": true,
  "5f23e826b8e05c0c0d4fdb8d": true,
  "5f23e826b8e05c0c0d4fdb8e": true,
  "5f23e826b8e05c0c0d4fdb8f": true,
  "5f23e826b8e05c0ed30ea6af": true,
  "5f23e826b8e05c2f262fe352": true,
  "5f23e826b8e05c2f262fe353": true,
  "5f23e826b8e05c2f285becd6": true,
  "5f23e826b8e05c7ed76148b2": true,
  "5f2d22a5b8e05c028e5c2e97": true,
  "5f2d22a5b8e05c02ba124dc1": true,
  "5f2d22a6b8e05c028e5c2e98": true,
  "5f2d22a6b8e05c028e5c2e99": true,
  "5f2d22a6b8e05c02901c9122": true,
  "5f2d22a6b8e05c02aa283b3b": true,
  "5f2d22a6b8e05c02aa283b3c": true,
  "5f2d22a6b8e05c02aa283b3d": true,
  "5f2d22a6b8e05c02aa283b3e": true,
  "5f2d22a6b8e05c02b03dbb66": true,
  "5f2d22a6b8e05c02b03dbb67": true,
  "5f2d22a6b8e05c02b03dbb68": true,
  "5f2d22a6b8e05c02b355d543": true,
  "5f2d22a6b8e05c02ba124dc2": true,
  "5f2d22a6b8e05c02ba124dc3": true,
  "5f326a4199a9950b0b61ead6": true,
  "5f326a4199a9950b0b61ead7": true,
  "5f326a4199a9950b0b61ead8": true,
  "5f326a4199a9950b0b61ead9": true,
  "5f326a4199a9950b0b61eada": true,
  "5f326a4199a9950b0b61eadb": true,
  "5f326a4199a9950b0b61eadc": true,
  "5f326a4199a9950b0b61eadd": true,
  "5f326a4199a9950b0b61eade": true,
  "5f326a4199a9950b0b61eadf": true,
  "5f326b2855f5850a8433045c": true,
  "5f326b2855f5850a8433045d": true,
  "5f326b2855f5850a8433045e": true,
  "5f326b2855f5850a8433045f": true,
  "5f326b2855f5850a84330460": true,
  "5f326b7fc2fe871f29d22087": true,
  "5f326babf5cc461e398ca050": true,
  "5f326bc846f6aa0a6c6a7fd1": true,
  "5f326bdf9e28e61e74fae8ca": true,
  "5f342be64467cf0b10e49501": true,
  "5f342be64467cf0b10e49502": true,
  "5f34f21b31798240f4cefe2e": true,
  "5f34f23d793b7225ee6c170e": true,
}
`;

exports[`getConsentState gets the consent state correctly 2`] = `true`;

exports[`getConsentState gets the consent state correctly 3`] = `"CO4rG96O4rG96AGABCENA0CgAP_AAGfAABrIGStT_S9fb2-je_59d9t0eY1f9763tewjhgeMs-8NwRuW_J4WrmMyvB34JqAKGAgEujJBAQdlGGDcRQgAwIkFgTLMYk2MiwNKJrJEClIbc2dYGC1PnUVDuQCY7E--Pvrzvl-6-33_4GSEAGAAKAQACGAgIEihUIAEIQxIAAAACggAAgEkAAAgQLIoCOEAAABAYAIAAAAAggAIBAAIAAEBAAAAAAIAQARAIAAQACAEAAAAAEEABIgAAACAEhAAAAAKAAAUAAAIAgAAAAAR3wEhkAwAFQATABHACkAGWANQAcQA_ACMAJiATYAtEaACADMAx4RAUABUAFYARIApABlgDUAGyAOIAfgBGAClgGsAPkAhsBF4CRAE2AJ2AUiAuQQACAAcANoJAqAAWABUADIAHAAPAAgABUAD4AIgATIAqgCsAFgAN4Ac4BEAESAJoAUoAwwBlgDUAGyAOIAfEA-wD9AIwAYoA1gBtADcAHyAQ2AioBF4CRAExAJlATYAnYBSICxQFsALkCgAgAjgMeDQFgAVABWAESAKQAZYA0gBqADZAHEAPwAjABSwDWAHyAQ2Ai8BIgCbAE7AKRAXIAxgMADAAcANoA6gqAgACoAJgAjgBSADLAGoAOIAfgBGAClgJBATEAmwBcgC8wGRCgAYA2gCOAI9HQKQAFgAVAAuABkADgAIAAYgA-ACCAEQAJkAVQBWACwAGIAN4AcwBEACagFGAUoA0gBqADZgG-AcAA4oB9gH4ARgAuYBeQDFAG4AOmAhsBEQCLwEggJEATYAnYBYsC2ALZAXIPABgBHgY4BjoDIiEBYABYAGQAYgBBACYAFUAN4AjgBSADUAG-AOIAfgBGADFAJBASIAmwBYoC0YFsAWyAuQiABAY8SgLAALAAuABkADgAMQAiABMACqAGIANsAiACJgFIAUoA0gBsgD8AIwAYoA3ACLwEiAJsAWKTABABHAY8UgPgALAAqABcADIAHAAQAAxACIAEwAKQAVQAsABiADmAIiAUYBSgDSAGyAOKAfYB-AEYALyAbQA3ACLwEiAJsATsAsUBbAC5CoAQAHwARwGPAMgAAA.YAAAAAAAAAAA"`;

exports[`getConsentState gets the consent state correctly 4`] = `"1~1765.2090.1577.46.2202.1248.574.66.70.7.2357.1301.93.2813.440.1878.122.108.1843.571.2526.864.1097.3119.2253.161.2320.167.2571.2575.817.1329.1276.184.2012.311.317.2584.1365.2918.89.202.196.2072.1201.241.2808.3011.259.588.253.1735.338.149.780.1905.1211.1095.2568.1313.2299.2531.1051.1205.1570.1449.1922.1651.1416.3015.1171.394.162.1415.1170.415.2035.1126.1127.1870.448.1753.2567.2088.486.540.495.494.505.482.2677.2776.1456.323.3033.1889.1092.981"`;
